{
  "registerUser": {
    "email": "test@example.com",
    "firstName": "Test",
    "lastName": "User",
    "fullName": "Test User"
  }
}
